../Core/Src/main.c:103:5:main	8	static
../Core/Src/main.c:202:6:SystemClock_Config	96	static
../Core/Src/main.c:252:13:MX_LPUART1_UART_Init	8	static
../Core/Src/main.c:286:13:MX_GPIO_Init	16	static
../Core/Src/main.c:312:6:Send_Uart	16	static
../Core/Src/main.c:328:6:Start_High_Task	24	static
../Core/Src/main.c:355:6:Start_Normal_Task	16	static
../Core/Src/main.c:382:6:Start_Low_Task	24	static
../Core/Src/main.c:408:6:HAL_TIM_PeriodElapsedCallback	16	static
../Core/Src/main.c:425:6:Error_Handler	4	static,ignoring_inline_asm
