../Core/Src/main.c:99:5:main	8	static
../Core/Src/main.c:189:6:SystemClock_Config	96	static
../Core/Src/main.c:239:13:MX_LPUART1_UART_Init	8	static
../Core/Src/main.c:273:13:MX_GPIO_Init	48	static
../Core/Src/main.c:311:6:HAL_GPIO_EXTI_Callback	24	static
../Core/Src/main.c:336:6:Start_Normal_Task	16	static
../Core/Src/main.c:368:6:Start_High_Task	16	static
../Core/Src/main.c:401:6:Start_Low_Task	16	static
../Core/Src/main.c:424:6:HAL_TIM_PeriodElapsedCallback	16	static
../Core/Src/main.c:441:6:Error_Handler	4	static,ignoring_inline_asm
