../Core/Src/protimer_state_machine.c:24:6:protimer_init	24	static
../Core/Src/protimer_state_machine.c:55:16:IDLE_Entry	16	static
../Core/Src/protimer_state_machine.c:65:16:IDLE_Exit	16	static
../Core/Src/protimer_state_machine.c:71:16:IDLE_Inc_time	16	static
../Core/Src/protimer_state_machine.c:78:16:IDLE_Time_tick	16	static
../Core/Src/protimer_state_machine.c:126:16:TIME_SET_Entry	16	static
../Core/Src/protimer_state_machine.c:132:16:TIME_SET_Exit	16	static
../Core/Src/protimer_state_machine.c:138:16:TIME_SET_Inc_time	16	static
../Core/Src/protimer_state_machine.c:145:16:TIME_SET_Dec_time	16	static
../Core/Src/protimer_state_machine.c:155:16:TIME_SET_Abrt	16	static
../Core/Src/protimer_state_machine.c:161:16:TIME_SET_Start_pause	16	static
../Core/Src/protimer_state_machine.c:217:16:COUNTDOWN_Entry	16	static
../Core/Src/protimer_state_machine.c:223:16:COUNTDOWN_Exit	16	static
../Core/Src/protimer_state_machine.c:229:16:COUNTDOWN_Start_pause	16	static
../Core/Src/protimer_state_machine.c:236:16:COUNTDOWN_abrt	16	static
../Core/Src/protimer_state_machine.c:244:16:COUNTDOWN_Time_tick	16	static
../Core/Src/protimer_state_machine.c:353:16:PAUSE_Entry	16	static
../Core/Src/protimer_state_machine.c:359:16:PAUSE_Exit	16	static
../Core/Src/protimer_state_machine.c:365:16:PAUSE_Start_pause	16	static
../Core/Src/protimer_state_machine.c:371:16:PAUSE_Abrt	16	static
../Core/Src/protimer_state_machine.c:377:16:PAUSE_Inc_time	16	static
../Core/Src/protimer_state_machine.c:384:16:PAUSE_Dec_time	16	static
../Core/Src/protimer_state_machine.c:394:16:PAUSE_Time_tick	16	static
../Core/Src/protimer_state_machine.c:452:13:display_time	32	static
